
admin@DESKTOP-R04VIEA MINGW64 ~/Desktop
$ git clone https://github.com/Khanhbgh15/24174600024_Do_Than_Quoc_Khanh_bai_tap.git
Cloning into '24174600024_Do_Than_Quoc_Khanh_bai_tap'...
remote: Enumerating objects: 3, done.
remote: Counting objects: 100% (3/3), done.
remote: Total 3 (delta 0), reused 0 (delta 0), pack-reused 0 (from 0)
Receiving objects: 100% (3/3), done.

admin@DESKTOP-R04VIEA MINGW64 ~/Desktop
$ cd 24174600024_Do_Than_Quoc_Khanh_bai_tap/

admin@DESKTOP-R04VIEA MINGW64 ~/Desktop/24174600024_Do_Than_Quoc_Khanh_bai_tap (main)
$ echo "Lorem ipsum dolor sit amet, consectetur adipiscing elit. Integer efficitur, eros at lacinia
suscipit, magna turpis aliquam est, sit amet aliquam quam libero id mi. Ut vel placerat risus.
Sed tempor in ex vitae sodales. Donec et tempor orci. In pharetra viverra sagittis. Vestibulum
risus ante, molestie ac eros efficitur, bibendum tincidunt turpis. In sit amet tortor gravida,
ultricies ante vitae, varius tortor. Aliquam finibus porta nulla sed gravida. Aliquam ultricies
dapibus ante eget molestie. In hac habitasse platea dictumst. Aliquam aliquam enim at massa
pharetra, et vestibulum sapien consequat. Donec accumsan quis metus at pellentesque. Morbi
quis felis placerat, interdum justo a, aliquam risus." > README.md

admin@DESKTOP-R04VIEA MINGW64 ~/Desktop/24174600024_Do_Than_Quoc_Khanh_bai_tap (main)
$ git add .
warning: in the working copy of 'README.md', LF will be replaced by CRLF the nex
t time Git touches it

admin@DESKTOP-R04VIEA MINGW64 ~/Desktop/24174600024_Do_Than_Quoc_Khanh_bai_tap (main)
$ git commit -m "Update README.md"
[main 93fff9a] Update README.md
 1 file changed, 8 insertions(+), 1 deletion(-)

admin@DESKTOP-R04VIEA MINGW64 ~/Desktop/24174600024_Do_Than_Quoc_Khanh_bai_tap (main)
$ git push
Enumerating objects: 5, done.
Counting objects: 100% (5/5), done.
Delta compression using up to 8 threads
Compressing objects: 100% (2/2), done.
Writing objects: 100% (3/3), 639 bytes | 639.00 KiB/s, done.
Total 3 (delta 0), reused 0 (delta 0), pack-reused 0 (from 0)
To https://github.com/Khanhbgh15/24174600024_Do_Than_Quoc_Khanh_bai_tap.git
   5718ab6..93fff9a  main -> main

admin@DESKTOP-R04VIEA MINGW64 ~/Desktop/24174600024_Do_Than_Quoc_Khanh_bai_tap (main)
$ git checkout -b branch_1
Switched to a new branch 'branch_1'

admin@DESKTOP-R04VIEA MINGW64 ~/Desktop/24174600024_Do_Than_Quoc_Khanh_bai_tap (branch_1)
$ echo "Lorem ipsum dolor sit amet, consectetur adipiscing elit." > text_branch_1.txt

admin@DESKTOP-R04VIEA MINGW64 ~/Desktop/24174600024_Do_Than_Quoc_Khanh_bai_tap (branch_1)
$ git add .
warning: in the working copy of 'text_branch_1.txt', LF will be replaced by CRLF
 the next time Git touches it

admin@DESKTOP-R04VIEA MINGW64 ~/Desktop/24174600024_Do_Than_Quoc_Khanh_bai_tap (branch_1)
$ git commit -m "Tao file text_branch_1"
[branch_1 b06b59c] Tao file text_branch_1
 1 file changed, 1 insertion(+)
 create mode 100644 text_branch_1.txt

admin@DESKTOP-R04VIEA MINGW64 ~/Desktop/24174600024_Do_Than_Quoc_Khanh_bai_tap (branch_1)
$ git push
fatal: The current branch branch_1 has no upstream branch.
To push the current branch and set the remote as upstream, use

    git push --set-upstream origin branch_1

To have this happen automatically for branches without a tracking
upstream, see 'push.autoSetupRemote' in 'git help config'.


admin@DESKTOP-R04VIEA MINGW64 ~/Desktop/24174600024_Do_Than_Quoc_Khanh_bai_tap (branch_1)
$ git push branch_1
fatal: 'branch_1' does not appear to be a git repository
fatal: Could not read from remote repository.

Please make sure you have the correct access rights
and the repository exists.

admin@DESKTOP-R04VIEA MINGW64 ~/Desktop/24174600024_Do_Than_Quoc_Khanh_bai_tap (branch_1)
$ git push origin
fatal: The current branch branch_1 has no upstream branch.
To push the current branch and set the remote as upstream, use

    git push --set-upstream origin branch_1

To have this happen automatically for branches without a tracking
upstream, see 'push.autoSetupRemote' in 'git help config'.


admin@DESKTOP-R04VIEA MINGW64 ~/Desktop/24174600024_Do_Than_Quoc_Khanh_bai_tap (branch_1)
$ git push --set-upstream origin branch_1
Enumerating objects: 4, done.
Counting objects: 100% (4/4), done.
Delta compression using up to 8 threads
Compressing objects: 100% (3/3), done.
Writing objects: 100% (3/3), 363 bytes | 363.00 KiB/s, done.
Total 3 (delta 0), reused 0 (delta 0), pack-reused 0 (from 0)
remote:
remote: Create a pull request for 'branch_1' on GitHub by visiting:
remote:      https://github.com/Khanhbgh15/24174600024_Do_Than_Quoc_Khanh_bai_ta
p/pull/new/branch_1
remote:
To https://github.com/Khanhbgh15/24174600024_Do_Than_Quoc_Khanh_bai_tap.git
 * [new branch]      branch_1 -> branch_1
branch 'branch_1' set up to track 'origin/branch_1'.

admin@DESKTOP-R04VIEA MINGW64 ~/Desktop/24174600024_Do_Than_Quoc_Khanh_bai_tap (branch_1)
$ git checkout main
Switched to branch 'main'
Your branch is up to date with 'origin/main'.

admin@DESKTOP-R04VIEA MINGW64 ~/Desktop/24174600024_Do_Than_Quoc_Khanh_bai_tap (main)
$ git checkout -b branch_2
Switched to a new branch 'branch_2'

admin@DESKTOP-R04VIEA MINGW64 ~/Desktop/24174600024_Do_Than_Quoc_Khanh_bai_tap (branch_2)
$ echo "Praesent ullamcorper orci eu erat placerat sodales." > text_branch_2.txt

admin@DESKTOP-R04VIEA MINGW64 ~/Desktop/24174600024_Do_Than_Quoc_Khanh_bai_tap (branch_2)
$ git status
On branch branch_2
Untracked files:
  (use "git add <file>..." to include in what will be committed)
        text_branch_2.txt

nothing added to commit but untracked files present (use "git add" to track)

admin@DESKTOP-R04VIEA MINGW64 ~/Desktop/24174600024_Do_Than_Quoc_Khanh_bai_tap (branch_2)
$ git add .
warning: in the working copy of 'text_branch_2.txt', LF will be replaced by CRLF
 the next time Git touches it

admin@DESKTOP-R04VIEA MINGW64 ~/Desktop/24174600024_Do_Than_Quoc_Khanh_bai_tap (branch_2)
$ git commit -m "Tao file text_branch_2.txt"
[branch_2 506d0e3] Tao file text_branch_2.txt
 1 file changed, 1 insertion(+)
 create mode 100644 text_branch_2.txt

admin@DESKTOP-R04VIEA MINGW64 ~/Desktop/24174600024_Do_Than_Quoc_Khanh_bai_tap (branch_2)
$ git push --set-upstream origin branch_2
Enumerating objects: 4, done.
Counting objects: 100% (4/4), done.
Delta compression using up to 8 threads
Compressing objects: 100% (3/3), done.
Writing objects: 100% (3/3), 357 bytes | 357.00 KiB/s, done.
Total 3 (delta 0), reused 0 (delta 0), pack-reused 0 (from 0)
remote:
remote: Create a pull request for 'branch_2' on GitHub by visiting:
remote:      https://github.com/Khanhbgh15/24174600024_Do_Than_Quoc_Khanh_bai_ta
p/pull/new/branch_2
remote:
To https://github.com/Khanhbgh15/24174600024_Do_Than_Quoc_Khanh_bai_tap.git
 * [new branch]      branch_2 -> branch_2
branch 'branch_2' set up to track 'origin/branch_2'.

admin@DESKTOP-R04VIEA MINGW64 ~/Desktop/24174600024_Do_Than_Quoc_Khanh_bai_tap (branch_2)
$ git checkout main
Switched to branch 'main'
Your branch is up to date with 'origin/main'.

admin@DESKTOP-R04VIEA MINGW64 ~/Desktop/24174600024_Do_Than_Quoc_Khanh_bai_tap (main)
$ git checkout -b branch_3
Switched to a new branch 'branch_3'

admin@DESKTOP-R04VIEA MINGW64 ~/Desktop/24174600024_Do_Than_Quoc_Khanh_bai_tap (branch_3)
$ echo "Integer sit amet nisi aliquam, tempor libero quis, cursus erat." > text_branch_3.txt

admin@DESKTOP-R04VIEA MINGW64 ~/Desktop/24174600024_Do_Than_Quoc_Khanh_bai_tap (branch_3)
$ git add .
warning: in the working copy of 'text_branch_3.txt', LF will be replaced by CRLF
 the next time Git touches it

admin@DESKTOP-R04VIEA MINGW64 ~/Desktop/24174600024_Do_Than_Quoc_Khanh_bai_tap (branch_3)
$ git commit -m "Tao file text_branch_3.txt"
[branch_3 f371ae2] Tao file text_branch_3.txt
 1 file changed, 1 insertion(+)
 create mode 100644 text_branch_3.txt

admin@DESKTOP-R04VIEA MINGW64 ~/Desktop/24174600024_Do_Than_Quoc_Khanh_bai_tap (branch_3)
$ git push --set-upstream origin branch_3
Enumerating objects: 4, done.
Counting objects: 100% (4/4), done.
Delta compression using up to 8 threads
Compressing objects: 100% (3/3), done.
Writing objects: 100% (3/3), 367 bytes | 367.00 KiB/s, done.
Total 3 (delta 0), reused 0 (delta 0), pack-reused 0 (from 0)
remote:
remote: Create a pull request for 'branch_3' on GitHub by visiting:
remote:      https://github.com/Khanhbgh15/24174600024_Do_Than_Quoc_Khanh_bai_ta
p/pull/new/branch_3
remote:
To https://github.com/Khanhbgh15/24174600024_Do_Than_Quoc_Khanh_bai_tap.git
 * [new branch]      branch_3 -> branch_3
branch 'branch_3' set up to track 'origin/branch_3'.

admin@DESKTOP-R04VIEA MINGW64 ~/Desktop/24174600024_Do_Than_Quoc_Khanh_bai_tap (branch_3)
$ git checkout main
Switched to branch 'main'
Your branch is up to date with 'origin/main'.

admin@DESKTOP-R04VIEA MINGW64 ~/Desktop/24174600024_Do_Than_Quoc_Khanh_bai_tap (main)
$ git checkout -b branch_4
Switched to a new branch 'branch_4'

admin@DESKTOP-R04VIEA MINGW64 ~/Desktop/24174600024_Do_Than_Quoc_Khanh_bai_tap (branch_4)
$ echo "Cras ac mi nec nisi porta ultrices sed non ante. " > text_branch_4.txt

admin@DESKTOP-R04VIEA MINGW64 ~/Desktop/24174600024_Do_Than_Quoc_Khanh_bai_tap (branch_4)
$ git add .
warning: in the working copy of 'text_branch_4.txt', LF will be replaced by CRLF
 the next time Git touches it

admin@DESKTOP-R04VIEA MINGW64 ~/Desktop/24174600024_Do_Than_Quoc_Khanh_bai_tap (branch_4)
$ git commit -m "Tao file text_branch_4.txt"
[branch_4 2bf66ea] Tao file text_branch_4.txt
 1 file changed, 1 insertion(+)
 create mode 100644 text_branch_4.txt

admin@DESKTOP-R04VIEA MINGW64 ~/Desktop/24174600024_Do_Than_Quoc_Khanh_bai_tap (branch_4)
$ git push --set-upstream origin branch_4
Enumerating objects: 4, done.
Counting objects: 100% (4/4), done.
Delta compression using up to 8 threads
Compressing objects: 100% (3/3), done.
Writing objects: 100% (3/3), 360 bytes | 360.00 KiB/s, done.
Total 3 (delta 0), reused 0 (delta 0), pack-reused 0 (from 0)
remote:
remote: Create a pull request for 'branch_4' on GitHub by visiting:
remote:      https://github.com/Khanhbgh15/24174600024_Do_Than_Quoc_Khanh_bai_ta
p/pull/new/branch_4
remote:
To https://github.com/Khanhbgh15/24174600024_Do_Than_Quoc_Khanh_bai_tap.git
 * [new branch]      branch_4 -> branch_4
branch 'branch_4' set up to track 'origin/branch_4'.

admin@DESKTOP-R04VIEA MINGW64 ~/Desktop/24174600024_Do_Than_Quoc_Khanh_bai_tap (branch_4)
$ git branch -D branch_4
error: cannot delete branch 'branch_4' used by worktree at 'C:/Users/admin/Deskt
op/24174600024_Do_Than_Quoc_Khanh_bai_tap'

admin@DESKTOP-R04VIEA MINGW64 ~/Desktop/24174600024_Do_Than_Quoc_Khanh_bai_tap (branch_4)
$ git checkout main
Switched to branch 'main'
Your branch is up to date with 'origin/main'.

admin@DESKTOP-R04VIEA MINGW64 ~/Desktop/24174600024_Do_Than_Quoc_Khanh_bai_tap (main)
$ git branch -D branch_4
Deleted branch branch_4 (was 2bf66ea).

admin@DESKTOP-R04VIEA MINGW64 ~/Desktop/24174600024_Do_Than_Quoc_Khanh_bai_tap (main)
$ git branch-l
git: 'branch-l' is not a git command. See 'git --help'.

admin@DESKTOP-R04VIEA MINGW64 ~/Desktop/24174600024_Do_Than_Quoc_Khanh_bai_tap (main)
$ git branch -l
  branch_1
  branch_2
  branch_3
* main

admin@DESKTOP-R04VIEA MINGW64 ~/Desktop/24174600024_Do_Than_Quoc_Khanh_bai_tap (main)
$ git pull
Already up to date.

admin@DESKTOP-R04VIEA MINGW64 ~/Desktop/24174600024_Do_Than_Quoc_Khanh_bai_tap (main)
$ git pull origin main
From https://github.com/Khanhbgh15/24174600024_Do_Than_Quoc_Khanh_bai_tap
 * branch            main       -> FETCH_HEAD
Already up to date.

admin@DESKTOP-R04VIEA MINGW64 ~/Desktop/24174600024_Do_Than_Quoc_Khanh_bai_tap (main)
$ mkdir main_folder

admin@DESKTOP-R04VIEA MINGW64 ~/Desktop/24174600024_Do_Than_Quoc_Khanh_bai_tap (main)
$ cd main_folder/

admin@DESKTOP-R04VIEA MINGW64 ~/Desktop/24174600024_Do_Than_Quoc_Khanh_bai_tap/main_folder (main)
$ touch main_txt_1.txt

admin@DESKTOP-R04VIEA MINGW64 ~/Desktop/24174600024_Do_Than_Quoc_Khanh_bai_tap/main_folder (main)
$ touch main_txt_2.txt

admin@DESKTOP-R04VIEA MINGW64 ~/Desktop/24174600024_Do_Than_Quoc_Khanh_bai_tap/main_folder (main)
$ touch main_txt_3.txt

admin@DESKTOP-R04VIEA MINGW64 ~/Desktop/24174600024_Do_Than_Quoc_Khanh_bai_tap/main_folder (main)
$ git status
On branch main
Your branch is up to date with 'origin/main'.

Untracked files:
  (use "git add <file>..." to include in what will be committed)
        ./

nothing added to commit but untracked files present (use "git add" to track)

admin@DESKTOP-R04VIEA MINGW64 ~/Desktop/24174600024_Do_Than_Quoc_Khanh_bai_tap/main_folder (main)
$ cd ..

admin@DESKTOP-R04VIEA MINGW64 ~/Desktop/24174600024_Do_Than_Quoc_Khanh_bai_tap (main)
$ git status
On branch main
Your branch is up to date with 'origin/main'.

Untracked files:
  (use "git add <file>..." to include in what will be committed)
        main_folder/

nothing added to commit but untracked files present (use "git add" to track)

admin@DESKTOP-R04VIEA MINGW64 ~/Desktop/24174600024_Do_Than_Quoc_Khanh_bai_tap (main)
$ git add .

admin@DESKTOP-R04VIEA MINGW64 ~/Desktop/24174600024_Do_Than_Quoc_Khanh_bai_tap (main)
$ git commit -m "update main_folder"
[main 48ebe49] update main_folder
 3 files changed, 0 insertions(+), 0 deletions(-)
 create mode 100644 main_folder/main_txt_1.txt
 create mode 100644 main_folder/main_txt_2.txt
 create mode 100644 main_folder/main_txt_3.txt

admin@DESKTOP-R04VIEA MINGW64 ~/Desktop/24174600024_Do_Than_Quoc_Khanh_bai_tap (main)
$ git push
Enumerating objects: 5, done.
Counting objects: 100% (5/5), done.
Delta compression using up to 8 threads
Compressing objects: 100% (3/3), done.
Writing objects: 100% (4/4), 360 bytes | 360.00 KiB/s, done.
Total 4 (delta 0), reused 0 (delta 0), pack-reused 0 (from 0)
To https://github.com/Khanhbgh15/24174600024_Do_Than_Quoc_Khanh_bai_tap.git
   93fff9a..48ebe49  main -> main

admin@DESKTOP-R04VIEA MINGW64 ~/Desktop/24174600024_Do_Than_Quoc_Khanh_bai_tap (main)
$ git pull
Already up to date.

admin@DESKTOP-R04VIEA MINGW64 ~/Desktop/24174600024_Do_Than_Quoc_Khanh_bai_tap (main)
$ git branch -l
  branch_1
  branch_2
  branch_3
* main

admin@DESKTOP-R04VIEA MINGW64 ~/Desktop/24174600024_Do_Than_Quoc_Khanh_bai_tap (main)
$ git checkout branch_
branch_1   branch_2   branch_3   branch_4

admin@DESKTOP-R04VIEA MINGW64 ~/Desktop/24174600024_Do_Than_Quoc_Khanh_bai_tap (main)
$ git checkout branch_1
Switched to branch 'branch_1'
Your branch is up to date with 'origin/branch_1'.

admin@DESKTOP-R04VIEA MINGW64 ~/Desktop/24174600024_Do_Than_Quoc_Khanh_bai_tap (branch_1)
$ git pull
Already up to date.

admin@DESKTOP-R04VIEA MINGW64 ~/Desktop/24174600024_Do_Than_Quoc_Khanh_bai_tap (branch_1)
$ git checkout branch_2
Switched to branch 'branch_2'
Your branch is up to date with 'origin/branch_2'.

admin@DESKTOP-R04VIEA MINGW64 ~/Desktop/24174600024_Do_Than_Quoc_Khanh_bai_tap (branch_2)
$ git pull
Already up to date.

admin@DESKTOP-R04VIEA MINGW64 ~/Desktop/24174600024_Do_Than_Quoc_Khanh_bai_tap (branch_2)
$ git checkout branch_3
Switched to branch 'branch_3'
Your branch is up to date with 'origin/branch_3'.

admin@DESKTOP-R04VIEA MINGW64 ~/Desktop/24174600024_Do_Than_Quoc_Khanh_bai_tap (branch_3)
$ git pull
Already up to date.

admin@DESKTOP-R04VIEA MINGW64 ~/Desktop/24174600024_Do_Than_Quoc_Khanh_bai_tap (branch_3)
$ git checkout branch_4
branch 'branch_4' set up to track 'origin/branch_4'.
Switched to a new branch 'branch_4'

admin@DESKTOP-R04VIEA MINGW64 ~/Desktop/24174600024_Do_Than_Quoc_Khanh_bai_tap (branch_4)
$ git branch -D branch_4
error: cannot delete branch 'branch_4' used by worktree at 'C:/Users/admin/Deskt
op/24174600024_Do_Than_Quoc_Khanh_bai_tap'

admin@DESKTOP-R04VIEA MINGW64 ~/Desktop/24174600024_Do_Than_Quoc_Khanh_bai_tap (branch_4)
$ git checkout main
Switched to branch 'main'
Your branch is up to date with 'origin/main'.

admin@DESKTOP-R04VIEA MINGW64 ~/Desktop/24174600024_Do_Than_Quoc_Khanh_bai_tap (main)
$ git branch -D branch_4
Deleted branch branch_4 (was 2bf66ea).

admin@DESKTOP-R04VIEA MINGW64 ~/Desktop/24174600024_Do_Than_Quoc_Khanh_bai_tap (main)
$ git checkout branch_1
Switched to branch 'branch_1'
Your branch is up to date with 'origin/branch_1'.

admin@DESKTOP-R04VIEA MINGW64 ~/Desktop/24174600024_Do_Than_Quoc_Khanh_bai_tap (branch_1)
$ git checkout -b branch_5
Switched to a new branch 'branch_5'

admin@DESKTOP-R04VIEA MINGW64 ~/Desktop/24174600024_Do_Than_Quoc_Khanh_bai_tap (branch_5)
$ echo "Etiam malesuada felis nulla, ac porta dui sollicitudin eget. Mauris hendrerit non metus
eget pellentesque. Etiam ornare ante at pretium hendrerit. Proin molestie accumsan sapien, ac
finibus libero lobortis quis. Praesent ac commodo eros. Nullam malesuada v el dui nec feugiat.
Cras justo ipsum, scelerisque et elit vitae, porttitor tristique turpis. Nam ut hendrerit est. Nulla
sed tincidunt nibh. Class aptent taciti sociosqu ad litora torquent per conubia nostra, per
inceptos himenaeos. Quisque vitae egestas lacus. Phasellus turpis ante, euismod quis
pellentesque et, pharetra id ligula. Vestibulum mattis sem ac ligula auctor viverra. Phasellus
dignissim mollis leo, vitae tristique enim." > text_branch_1.txt

admin@DESKTOP-R04VIEA MINGW64 ~/Desktop/24174600024_Do_Than_Quoc_Khanh_bai_tap (branch_5)
$ git add .
warning: in the working copy of 'text_branch_1.txt', LF will be replaced by CRLF
 the next time Git touches it

admin@DESKTOP-R04VIEA MINGW64 ~/Desktop/24174600024_Do_Than_Quoc_Khanh_bai_tap (branch_5)
$ git commit -m "update"
[branch_5 4d55d0e] update
 1 file changed, 8 insertions(+), 1 deletion(-)

admin@DESKTOP-R04VIEA MINGW64 ~/Desktop/24174600024_Do_Than_Quoc_Khanh_bai_tap (branch_5)
$ git push origin branch_5
Enumerating objects: 5, done.
Counting objects: 100% (5/5), done.
Delta compression using up to 8 threads
Compressing objects: 100% (3/3), done.
Writing objects: 100% (3/3), 677 bytes | 677.00 KiB/s, done.
Total 3 (delta 0), reused 0 (delta 0), pack-reused 0 (from 0)
remote:
remote: Create a pull request for 'branch_5' on GitHub by visiting:
remote:      https://github.com/Khanhbgh15/24174600024_Do_Than_Quoc_Khanh_bai_ta
p/pull/new/branch_5
remote:
To https://github.com/Khanhbgh15/24174600024_Do_Than_Quoc_Khanh_bai_tap.git
 * [new branch]      branch_5 -> branch_5

admin@DESKTOP-R04VIEA MINGW64 ~/Desktop/24174600024_Do_Than_Quoc_Khanh_bai_tap (branch_5)
$ git checkout branch_1
Switched to branch 'branch_1'
Your branch is up to date with 'origin/branch_1'.

admin@DESKTOP-R04VIEA MINGW64 ~/Desktop/24174600024_Do_Than_Quoc_Khanh_bai_tap (branch_1)
$ git pull
Already up to date.

admin@DESKTOP-R04VIEA MINGW64 ~/Desktop/24174600024_Do_Than_Quoc_Khanh_bai_tap (branch_1)
$ git merge branch_5
Updating b06b59c..4d55d0e
Fast-forward
 text_branch_1.txt | 9 ++++++++-
 1 file changed, 8 insertions(+), 1 deletion(-)

admin@DESKTOP-R04VIEA MINGW64 ~/Desktop/24174600024_Do_Than_Quoc_Khanh_bai_tap (branch_1)
$ git branch -D branch_5
Deleted branch branch_5 (was 4d55d0e).

admin@DESKTOP-R04VIEA MINGW64 ~/Desktop/24174600024_Do_Than_Quoc_Khanh_bai_tap (branch_1)
$ git checkout main
Switched to branch 'main'
Your branch is up to date with 'origin/main'.

admin@DESKTOP-R04VIEA MINGW64 ~/Desktop/24174600024_Do_Than_Quoc_Khanh_bai_tap (main)
$ git pull
Already up to date.

admin@DESKTOP-R04VIEA MINGW64 ~/Desktop/24174600024_Do_Than_Quoc_Khanh_bai_tap (main)
$ git branch -l
  branch_1
  branch_2
  branch_3
* main

admin@DESKTOP-R04VIEA MINGW64 ~/Desktop/24174600024_Do_Than_Quoc_Khanh_bai_tap (main)
$ git checkout -b branch_4 origin/branch_4
branch 'branch_4' set up to track 'origin/branch_4'.
Switched to a new branch 'branch_4'

Merge branch 'branch_1'























Merge made by the 'ort' strategy.
 text_branch_1.txt | 8 ++++++++
 1 file changed, 8 insertions(+)
 create mode 100644 text_branch_1.txt

admin@DESKTOP-R04VIEA MINGW64 ~/Desktop/24174600024_Do_Than_Quoc_Khanh_bai_tap (main)
$ git merge branch_1^C

admin@DESKTOP-R04VIEA MINGW64 ~/Desktop/24174600024_Do_Than_Quoc_Khanh_bai_tap (main)
$ git merge branch_1 -m "merge"
Already up to date.

admin@DESKTOP-R04VIEA MINGW64 ~/Desktop/24174600024_Do_Than_Quoc_Khanh_bai_tap (main)
$ git merge branch_2 -m "merge"
Merge made by the 'ort' strategy.
 text_branch_2.txt | 1 +
 1 file changed, 1 insertion(+)
 create mode 100644 text_branch_2.txt

admin@DESKTOP-R04VIEA MINGW64 ~/Desktop/24174600024_Do_Than_Quoc_Khanh_bai_tap (main)
$ git merge branch_3 -m "merge"
Merge made by the 'ort' strategy.
 text_branch_3.txt | 1 +
 1 file changed, 1 insertion(+)
 create mode 100644 text_branch_3.txt

admin@DESKTOP-R04VIEA MINGW64 ~/Desktop/24174600024_Do_Than_Quoc_Khanh_bai_tap (main)
$ git merge branch_4 -m "merge"
Merge made by the 'ort' strategy.
 text_branch_4.txt | 1 +
 1 file changed, 1 insertion(+)
 create mode 100644 text_branch_4.txt

admin@DESKTOP-R04VIEA MINGW64 ~/Desktop/24174600024_Do_Than_Quoc_Khanh_bai_tap (main)
$ git status
On branch main
Your branch is ahead of 'origin/main' by 9 commits.
  (use "git push" to publish your local commits)

nothing to commit, working tree clean

admin@DESKTOP-R04VIEA MINGW64 ~/Desktop/24174600024_Do_Than_Quoc_Khanh_bai_tap (main)
$ git push
Enumerating objects: 13, done.
Counting objects: 100% (13/13), done.
Delta compression using up to 8 threads
Compressing objects: 100% (8/8), done.
Writing objects: 100% (8/8), 1.03 KiB | 1.03 MiB/s, done.
Total 8 (delta 3), reused 0 (delta 0), pack-reused 0 (from 0)
remote: Resolving deltas: 100% (3/3), done.
To https://github.com/Khanhbgh15/24174600024_Do_Than_Quoc_Khanh_bai_tap.git
   48ebe49..69bd996  main -> main

admin@DESKTOP-R04VIEA MINGW64 ~/Desktop/24174600024_Do_Than_Quoc_Khanh_bai_tap (main)
$ ls
README.md     text_branch_1.txt  text_branch_3.txt
main_folder/  text_branch_2.txt  text_branch_4.txt

admin@DESKTOP-R04VIEA MINGW64 ~/Desktop/24174600024_Do_Than_Quoc_Khanh_bai_tap (main)
$ git branch -d branch_2
Deleted branch branch_2 (was 506d0e3).

admin@DESKTOP-R04VIEA MINGW64 ~/Desktop/24174600024_Do_Than_Quoc_Khanh_bai_tap (main)
$ git branch -d branch_3
Deleted branch branch_3 (was f371ae2).

admin@DESKTOP-R04VIEA MINGW64 ~/Desktop/24174600024_Do_Than_Quoc_Khanh_bai_tap (main)
$ git branch -d branch_4
Deleted branch branch_4 (was 2bf66ea).

admin@DESKTOP-R04VIEA MINGW64 ~/Desktop/24174600024_Do_Than_Quoc_Khanh_bai_tap (main)
$ git push origin --delete branch_2
To https://github.com/Khanhbgh15/24174600024_Do_Than_Quoc_Khanh_bai_tap.git
 - [deleted]         branch_2

admin@DESKTOP-R04VIEA MINGW64 ~/Desktop/24174600024_Do_Than_Quoc_Khanh_bai_tap (main)
$ git push origin --delete branch_3
To https://github.com/Khanhbgh15/24174600024_Do_Than_Quoc_Khanh_bai_tap.git
 - [deleted]         branch_3

admin@DESKTOP-R04VIEA MINGW64 ~/Desktop/24174600024_Do_Than_Quoc_Khanh_bai_tap (main)
$ git push origin --delete branch_4
To https://github.com/Khanhbgh15/24174600024_Do_Than_Quoc_Khanh_bai_tap.git
 - [deleted]         branch_4

admin@DESKTOP-R04VIEA MINGW64 ~/Desktop/24174600024_Do_Than_Quoc_Khanh_bai_tap (main)
$ git checkout branch_1
Switched to branch 'branch_1'
Your branch is ahead of 'origin/branch_1' by 1 commit.
  (use "git push" to publish your local commits)

admin@DESKTOP-R04VIEA MINGW64 ~/Desktop/24174600024_Do_Than_Quoc_Khanh_bai_tap (branch_1)
$ git merge main
Updating 4d55d0e..69bd996
Fast-forward
 main_folder/main_txt_1.txt | 0
 main_folder/main_txt_2.txt | 0
 main_folder/main_txt_3.txt | 0
 text_branch_2.txt          | 1 +
 text_branch_3.txt          | 1 +
 text_branch_4.txt          | 1 +
 6 files changed, 3 insertions(+)
 create mode 100644 main_folder/main_txt_1.txt
 create mode 100644 main_folder/main_txt_2.txt
 create mode 100644 main_folder/main_txt_3.txt
 create mode 100644 text_branch_2.txt
 create mode 100644 text_branch_3.txt
 create mode 100644 text_branch_4.txt

admin@DESKTOP-R04VIEA MINGW64 ~/Desktop/24174600024_Do_Than_Quoc_Khanh_bai_tap (branch_1)
$ git push origin branch_1
Total 0 (delta 0), reused 0 (delta 0), pack-reused 0 (from 0)
To https://github.com/Khanhbgh15/24174600024_Do_Than_Quoc_Khanh_bai_tap.git
   b06b59c..69bd996  branch_1 -> branch_1

admin@DESKTOP-R04VIEA MINGW64 ~/Desktop/24174600024_Do_Than_Quoc_Khanh_bai_tap (branch_1)
$ git che
checkout      cherry        cherry-pick

admin@DESKTOP-R04VIEA MINGW64 ~/Desktop/24174600024_Do_Than_Quoc_Khanh_bai_tap (branch_1)
$ git checkout main
Switched to branch 'main'
Your branch is up to date with 'origin/main'.

admin@DESKTOP-R04VIEA MINGW64 ~/Desktop/24174600024_Do_Than_Quoc_Khanh_bai_tap (main)
$ touch caulenh.txt

admin@DESKTOP-R04VIEA MINGW64 ~/Desktop/24174600024_Do_Than_Quoc_Khanh_bai_tap (main)
$
