
Van@DESKTOP-RGRGAOD MINGW64 ~/Documents
$ git clone https://github.com/ntvann/24174600001_Nguyen_Thanh_Van_bai_tap.git
Cloning into '24174600001_Nguyen_Thanh_Van_bai_tap'...
remote: Enumerating objects: 3, done.
remote: Counting objects: 100% (3/3), done.
remote: Compressing objects: 100% (2/2), done.
remote: Total 3 (delta 0), reused 0 (delta 0), pack-reused 0 (from 0)
Receiving objects: 100% (3/3), done.

Van@DESKTOP-RGRGAOD MINGW64 ~/Documents
$ cd 24174600001_Nguyen_Thanh_Van_bai_tap

Van@DESKTOP-RGRGAOD MINGW64 ~/Documents/24174600001_Nguyen_Thanh_Van_bai_tap (main)
$ echo "Lorem ipsum dolor sit amet, consectetur adipiscing elit. Integer efficitur, eros at  lacinia
suscipit, magna turpis aliquam est, sit amet aliquam quam libero id mi. Ut vel  placerat risus.
Sed tempor in ex vitae sodales. Donec et tempor orci. In pharetra viverra  sagittis. Vestibulum
risus ante, molestie ac eros efficitur, bibendum tincidunt turpis. In sit  amet tortor gravida,
ultricies ante vitae, varius tortor. Aliquam finibus porta nulla sed  gravida. Aliquam ultricies
dapibus ante eget molestie. In hac habitasse platea dictumst.  Aliquam aliquam enim at massa
pharetra, et vestibulum sapien consequat. Donec  accumsan quis metus at pellentesque. Morbi
quis felis placerat, interdum justo a, aliquam  risus. " > README.md

Van@DESKTOP-RGRGAOD MINGW64 ~/Documents/24174600001_Nguyen_Thanh_Van_bai_tap (main)
$ git add .
warning: in the working copy of 'README.md', LF will be replaced by CRLF the next time Git touches it

Van@DESKTOP-RGRGAOD MINGW64 ~/Documents/24174600001_Nguyen_Thanh_Van_bai_tap (main)
$ git commit -m "Thay doi file"
[main 9764356] Thay doi file
 1 file changed, 8 insertions(+), 2 deletions(-)

Van@DESKTOP-RGRGAOD MINGW64 ~/Documents/24174600001_Nguyen_Thanh_Van_bai_tap (main)
$ git push origin
Enumerating objects: 5, done.
Counting objects: 100% (5/5), done.
Delta compression using up to 12 threads
Compressing objects: 100% (2/2), done.
Writing objects: 100% (3/3), 632 bytes | 632.00 KiB/s, done.
Total 3 (delta 0), reused 0 (delta 0), pack-reused 0 (from 0)
To https://github.com/ntvann/24174600001_Nguyen_Thanh_Van_bai_tap.git
   9f0a825..9764356  main -> main

Van@DESKTOP-RGRGAOD MINGW64 ~/Documents/24174600001_Nguyen_Thanh_Van_bai_tap (main)
$ git init
Reinitialized existing Git repository in C:/Users/Van/Documents/24174600001_Nguyen_Thanh_Van_bai_tap/.gi
t/

Van@DESKTOP-RGRGAOD MINGW64 ~/Documents/24174600001_Nguyen_Thanh_Van_bai_tap (main)
$ git checkout -b branch_1
Switched to a new branch 'branch_1'

Van@DESKTOP-RGRGAOD MINGW64 ~/Documents/24174600001_Nguyen_Thanh_Van_bai_tap (branch_1)
$ echo "Lorem ipsum dolor sit amet, consectetur adipiscing elit." > text_branch_1.txt

Van@DESKTOP-RGRGAOD MINGW64 ~/Documents/24174600001_Nguyen_Thanh_Van_bai_tap (branch_1)
$ git add .
warning: in the working copy of 'text_branch_1.txt', LF will be replaced by CRLF the next time Git touch
es it

Van@DESKTOP-RGRGAOD MINGW64 ~/Documents/24174600001_Nguyen_Thanh_Van_bai_tap (branch_1)
$ git commit -m "Tao nhanh 1"
[branch_1 75c753b] Tao nhanh 1
 1 file changed, 1 insertion(+)
 create mode 100644 text_branch_1.txt

Van@DESKTOP-RGRGAOD MINGW64 ~/Documents/24174600001_Nguyen_Thanh_Van_bai_tap (branch_1)
$ git push origin branch_1
Enumerating objects: 4, done.
Counting objects: 100% (4/4), done.
Delta compression using up to 12 threads
Compressing objects: 100% (3/3), done.
Writing objects: 100% (3/3), 345 bytes | 345.00 KiB/s, done.
Total 3 (delta 0), reused 0 (delta 0), pack-reused 0 (from 0)
remote:
remote: Create a pull request for 'branch_1' on GitHub by visiting:
remote:      https://github.com/ntvann/24174600001_Nguyen_Thanh_Van_bai_tap/pull/new/branch_1
remote:
To https://github.com/ntvann/24174600001_Nguyen_Thanh_Van_bai_tap.git
 * [new branch]      branch_1 -> branch_1

Van@DESKTOP-RGRGAOD MINGW64 ~/Documents/24174600001_Nguyen_Thanh_Van_bai_tap (branch_1)
$ git checkout main
Switched to branch 'main'
Your branch is up to date with 'origin/main'.

Van@DESKTOP-RGRGAOD MINGW64 ~/Documents/24174600001_Nguyen_Thanh_Van_bai_tap (main)
$ git checkout -b branch_2
Switched to a new branch 'branch_2'

Van@DESKTOP-RGRGAOD MINGW64 ~/Documents/24174600001_Nguyen_Thanh_Van_bai_tap (branch_2)
$ echo "Praesent ullamcorper orci eu erat placerat sodales." > text_branch_2.txt

Van@DESKTOP-RGRGAOD MINGW64 ~/Documents/24174600001_Nguyen_Thanh_Van_bai_tap (branch_2)
$ git add .
warning: in the working copy of 'text_branch_2.txt', LF will be replaced by CRLF the next time Git touch
es it

Van@DESKTOP-RGRGAOD MINGW64 ~/Documents/24174600001_Nguyen_Thanh_Van_bai_tap (branch_2)
$ git commit -m "Tao nhanh 2"
[branch_2 4807b32] Tao nhanh 2
 1 file changed, 1 insertion(+)
 create mode 100644 text_branch_2.txt

Van@DESKTOP-RGRGAOD MINGW64 ~/Documents/24174600001_Nguyen_Thanh_Van_bai_tap (branch_2)
$ git push origin branch_2
Enumerating objects: 4, done.
Counting objects: 100% (4/4), done.
Delta compression using up to 12 threads
Compressing objects: 100% (3/3), done.
Writing objects: 100% (3/3), 338 bytes | 338.00 KiB/s, done.
Total 3 (delta 0), reused 0 (delta 0), pack-reused 0 (from 0)
remote:
remote: Create a pull request for 'branch_2' on GitHub by visiting:
remote:      https://github.com/ntvann/24174600001_Nguyen_Thanh_Van_bai_tap/pull/new/branch_2
remote:
To https://github.com/ntvann/24174600001_Nguyen_Thanh_Van_bai_tap.git
 * [new branch]      branch_2 -> branch_2

Van@DESKTOP-RGRGAOD MINGW64 ~/Documents/24174600001_Nguyen_Thanh_Van_bai_tap (branch_2)
$ git checkout main
Switched to branch 'main'
Your branch is up to date with 'origin/main'.

Van@DESKTOP-RGRGAOD MINGW64 ~/Documents/24174600001_Nguyen_Thanh_Van_bai_tap (main)
$ git checkout -b branch_3
Switched to a new branch 'branch_3'

Van@DESKTOP-RGRGAOD MINGW64 ~/Documents/24174600001_Nguyen_Thanh_Van_bai_tap (branch_3)
$ echo "Integer sit amet nisi aliquam, tempor libero quis, cursus erat." > text_branch_3.txt

Van@DESKTOP-RGRGAOD MINGW64 ~/Documents/24174600001_Nguyen_Thanh_Van_bai_tap (branch_3)
$ git add .
warning: in the working copy of 'text_branch_3.txt', LF will be replaced by CRLF the next time Git touch
es it

Van@DESKTOP-RGRGAOD MINGW64 ~/Documents/24174600001_Nguyen_Thanh_Van_bai_tap (branch_3)
$ git commit -m "Tao nhanh 3"
[branch_3 966b477] Tao nhanh 3
 1 file changed, 1 insertion(+)
 create mode 100644 text_branch_3.txt

Van@DESKTOP-RGRGAOD MINGW64 ~/Documents/24174600001_Nguyen_Thanh_Van_bai_tap (branch_3)
$ git push origin
fatal: The current branch branch_3 has no upstream branch.
To push the current branch and set the remote as upstream, use

    git push --set-upstream origin branch_3

To have this happen automatically for branches without a tracking
upstream, see 'push.autoSetupRemote' in 'git help config'.


Van@DESKTOP-RGRGAOD MINGW64 ~/Documents/24174600001_Nguyen_Thanh_Van_bai_tap (branch_3)
$ git push origin branch_3
Enumerating objects: 4, done.
Counting objects: 100% (4/4), done.
Delta compression using up to 12 threads
Compressing objects: 100% (3/3), done.
Writing objects: 100% (3/3), 348 bytes | 348.00 KiB/s, done.
Total 3 (delta 0), reused 0 (delta 0), pack-reused 0 (from 0)
remote:
remote: Create a pull request for 'branch_3' on GitHub by visiting:
remote:      https://github.com/ntvann/24174600001_Nguyen_Thanh_Van_bai_tap/pull/new/branch_3
remote:
To https://github.com/ntvann/24174600001_Nguyen_Thanh_Van_bai_tap.git
 * [new branch]      branch_3 -> branch_3

Van@DESKTOP-RGRGAOD MINGW64 ~/Documents/24174600001_Nguyen_Thanh_Van_bai_tap (branch_3)
$ git checkout main
Switched to branch 'main'
Your branch is up to date with 'origin/main'.

Van@DESKTOP-RGRGAOD MINGW64 ~/Documents/24174600001_Nguyen_Thanh_Van_bai_tap (main)
$ git checkout -b branch_4
Switched to a new branch 'branch_4'

Van@DESKTOP-RGRGAOD MINGW64 ~/Documents/24174600001_Nguyen_Thanh_Van_bai_tap (branch_4)
$ echo "Cras ac mi nec nisi porta ultrices sed non ante." > text_branch_4.txt

Van@DESKTOP-RGRGAOD MINGW64 ~/Documents/24174600001_Nguyen_Thanh_Van_bai_tap (branch_4)
$ git add .
warning: in the working copy of 'text_branch_4.txt', LF will be replaced by CRLF the next time Git touch
es it

Van@DESKTOP-RGRGAOD MINGW64 ~/Documents/24174600001_Nguyen_Thanh_Van_bai_tap (branch_4)
$ git commit -m "Tao nhanh 4"
[branch_4 ae7c596] Tao nhanh 4
 1 file changed, 1 insertion(+)
 create mode 100644 text_branch_4.txt

Van@DESKTOP-RGRGAOD MINGW64 ~/Documents/24174600001_Nguyen_Thanh_Van_bai_tap (branch_4)
$ git push origin branch_4
Enumerating objects: 4, done.
Counting objects: 100% (4/4), done.
Delta compression using up to 12 threads
Compressing objects: 100% (2/2), done.
Writing objects: 100% (3/3), 338 bytes | 338.00 KiB/s, done.
Total 3 (delta 0), reused 0 (delta 0), pack-reused 0 (from 0)
remote:
remote: Create a pull request for 'branch_4' on GitHub by visiting:
remote:      https://github.com/ntvann/24174600001_Nguyen_Thanh_Van_bai_tap/pull/new/branch_4
remote:
To https://github.com/ntvann/24174600001_Nguyen_Thanh_Van_bai_tap.git
 * [new branch]      branch_4 -> branch_4

Van@DESKTOP-RGRGAOD MINGW64 ~/Documents/24174600001_Nguyen_Thanh_Van_bai_tap (branch_4)
$ git checkout main
Switched to branch 'main'
Your branch is up to date with 'origin/main'.

Van@DESKTOP-RGRGAOD MINGW64 ~/Documents/24174600001_Nguyen_Thanh_Van_bai_tap (main)
$ git branch -D branch_4
Deleted branch branch_4 (was ae7c596).

Van@DESKTOP-RGRGAOD MINGW64 ~/Documents/24174600001_Nguyen_Thanh_Van_bai_tap (main)
$ git branch -l
  branch_1
  branch_2
  branch_3
* main

Van@DESKTOP-RGRGAOD MINGW64 ~/Documents/24174600001_Nguyen_Thanh_Van_bai_tap (main)
$ git pull origin main
From https://github.com/ntvann/24174600001_Nguyen_Thanh_Van_bai_tap
 * branch            main       -> FETCH_HEAD
Already up to date.

Van@DESKTOP-RGRGAOD MINGW64 ~/Documents/24174600001_Nguyen_Thanh_Van_bai_tap (main)
$ mkdir main_folder

Van@DESKTOP-RGRGAOD MINGW64 ~/Documents/24174600001_Nguyen_Thanh_Van_bai_tap (main)
$ cd main_folder

Van@DESKTOP-RGRGAOD MINGW64 ~/Documents/24174600001_Nguyen_Thanh_Van_bai_tap/main_folder (main)
$ touch main_txt_1.txt

Van@DESKTOP-RGRGAOD MINGW64 ~/Documents/24174600001_Nguyen_Thanh_Van_bai_tap/main_folder (main)
$ touch main_txt_2.txt

Van@DESKTOP-RGRGAOD MINGW64 ~/Documents/24174600001_Nguyen_Thanh_Van_bai_tap/main_folder (main)
$ touch main_txt_3.txt

Van@DESKTOP-RGRGAOD MINGW64 ~/Documents/24174600001_Nguyen_Thanh_Van_bai_tap/main_folder (main)
$ cd ..

Van@DESKTOP-RGRGAOD MINGW64 ~/Documents/24174600001_Nguyen_Thanh_Van_bai_tap (main)
$ git add .

Van@DESKTOP-RGRGAOD MINGW64 ~/Documents/24174600001_Nguyen_Thanh_Van_bai_tap (main)
$ git add main_folder

Van@DESKTOP-RGRGAOD MINGW64 ~/Documents/24174600001_Nguyen_Thanh_Van_bai_tap (main)
$ git commit -m "Them folder"
[main 30e623c] Them folder
 3 files changed, 0 insertions(+), 0 deletions(-)
 create mode 100644 main_folder/main_txt_1.txt
 create mode 100644 main_folder/main_txt_2.txt
 create mode 100644 main_folder/main_txt_3.txt

Van@DESKTOP-RGRGAOD MINGW64 ~/Documents/24174600001_Nguyen_Thanh_Van_bai_tap (main)
$ git push origin
Enumerating objects: 5, done.
Counting objects: 100% (5/5), done.
Delta compression using up to 12 threads
Compressing objects: 100% (3/3), done.
Writing objects: 100% (4/4), 347 bytes | 347.00 KiB/s, done.
Total 4 (delta 0), reused 0 (delta 0), pack-reused 0 (from 0)
To https://github.com/ntvann/24174600001_Nguyen_Thanh_Van_bai_tap.git
   9764356..30e623c  main -> main

Van@DESKTOP-RGRGAOD MINGW64 ~/Documents/24174600001_Nguyen_Thanh_Van_bai_tap (main)
$ git checkout branch_1
Switched to branch 'branch_1'

Van@DESKTOP-RGRGAOD MINGW64 ~/Documents/24174600001_Nguyen_Thanh_Van_bai_tap (branch_1)
$ git checkout -b branch_5
Switched to a new branch 'branch_5'

Van@DESKTOP-RGRGAOD MINGW64 ~/Documents/24174600001_Nguyen_Thanh_Van_bai_tap (branch_5)
$ echo "Etiam malesuada felis nulla, ac porta dui sollicitudin eget. Mauris hendrerit non  metus
eget pellentesque. Etiam ornare ante at pretium hendrerit. Proin molestie accumsan  sapien, ac
finibus libero lobortis quis. Praesent ac commodo eros. Nullam malesuada v el  dui nec feugiat.
Cras justo ipsum, scelerisque et elit vitae, porttitor tristique turpis. Nam  ut hendrerit est. Nulla
sed tincidunt nibh. Class aptent taciti sociosqu ad litora torquent  per conubia nostra, per
inceptos himenaeos. Quisque vitae egestas lacus. Phasellus turpis  ante, euismod quis
pellentesque et, pharetra id ligula. Vestibulum mattis sem ac ligula  auctor viverra. Phasellus
dignissim mollis leo, vitae tristique enim." > text_branch_1.txt

Van@DESKTOP-RGRGAOD MINGW64 ~/Documents/24174600001_Nguyen_Thanh_Van_bai_tap (branch_5)
$ git add .
warning: in the working copy of 'text_branch_1.txt', LF will be replaced by CRLF the next time Git touch
es it

Van@DESKTOP-RGRGAOD MINGW64 ~/Documents/24174600001_Nguyen_Thanh_Van_bai_tap (branch_5)
$ git commit -m "Sua file"
[branch_5 b1579d0] Sua file
 1 file changed, 8 insertions(+), 1 deletion(-)

Van@DESKTOP-RGRGAOD MINGW64 ~/Documents/24174600001_Nguyen_Thanh_Van_bai_tap (branch_5)
$ git push origin branch_5
Enumerating objects: 5, done.
Counting objects: 100% (5/5), done.
Delta compression using up to 12 threads
Compressing objects: 100% (3/3), done.
Writing objects: 100% (3/3), 677 bytes | 677.00 KiB/s, done.
Total 3 (delta 0), reused 0 (delta 0), pack-reused 0 (from 0)
remote:
remote: Create a pull request for 'branch_5' on GitHub by visiting:
remote:      https://github.com/ntvann/24174600001_Nguyen_Thanh_Van_bai_tap/pull/new/branch_5
remote:
To https://github.com/ntvann/24174600001_Nguyen_Thanh_Van_bai_tap.git
 * [new branch]      branch_5 -> branch_5

Van@DESKTOP-RGRGAOD MINGW64 ~/Documents/24174600001_Nguyen_Thanh_Van_bai_tap (branch_5)
$ git checkout main
Switched to branch 'main'
Your branch is up to date with 'origin/main'.

Van@DESKTOP-RGRGAOD MINGW64 ~/Documents/24174600001_Nguyen_Thanh_Van_bai_tap (main)
$ git branch -D branch_5
Deleted branch branch_5 (was b1579d0).

Van@DESKTOP-RGRGAOD MINGW64 ~/Documents/24174600001_Nguyen_Thanh_Van_bai_tap (main)
$ git branch -l
  branch_1
  branch_2
  branch_3
* main

Van@DESKTOP-RGRGAOD MINGW64 ~/Documents/24174600001_Nguyen_Thanh_Van_bai_tap (main)
$ git branch -D branch-2
error: branch 'branch-2' not found

Van@DESKTOP-RGRGAOD MINGW64 ~/Documents/24174600001_Nguyen_Thanh_Van_bai_tap (main)
$ git branch -D branch_2
Deleted branch branch_2 (was 4807b32).

Van@DESKTOP-RGRGAOD MINGW64 ~/Documents/24174600001_Nguyen_Thanh_Van_bai_tap (main)
$ git branch -D branch_3
Deleted branch branch_3 (was 966b477).

Van@DESKTOP-RGRGAOD MINGW64 ~/Documents/24174600001_Nguyen_Thanh_Van_bai_tap (main)
$ git add .

Van@DESKTOP-RGRGAOD MINGW64 ~/Documents/24174600001_Nguyen_Thanh_Van_bai_tap (main)
$ git commit -m "Xoa file"
On branch main
Your branch is up to date with 'origin/main'.

nothing to commit, working tree clean

Van@DESKTOP-RGRGAOD MINGW64 ~/Documents/24174600001_Nguyen_Thanh_Van_bai_tap (main)
$ git pull
remote: Enumerating objects: 15, done.
remote: Counting objects: 100% (15/15), done.
remote: Compressing objects: 100% (9/9), done.
remote: Total 9 (delta 3), reused 0 (delta 0), pack-reused 0 (from 0)
Unpacking objects: 100% (9/9), 4.58 KiB | 260.00 KiB/s, done.
From https://github.com/ntvann/24174600001_Nguyen_Thanh_Van_bai_tap
   30e623c..5ac772b  main       -> origin/main
   75c753b..1ba2026  branch_1   -> origin/branch_1
Updating 30e623c..5ac772b
Fast-forward
 text_branch_1.txt | 8 ++++++++
 text_branch_2.txt | 1 +
 text_branch_3.txt | 1 +
 text_branch_4.txt | 1 +
 4 files changed, 11 insertions(+)
 create mode 100644 text_branch_1.txt
 create mode 100644 text_branch_2.txt
 create mode 100644 text_branch_3.txt
 create mode 100644 text_branch_4.txt

Van@DESKTOP-RGRGAOD MINGW64 ~/Documents/24174600001_Nguyen_Thanh_Van_bai_tap (main)
$ git push origin
Everything up-to-date

Van@DESKTOP-RGRGAOD MINGW64 ~/Documents/24174600001_Nguyen_Thanh_Van_bai_tap (main)
$ git branch -l
  branch_1
* main

Van@DESKTOP-RGRGAOD MINGW64 ~/Documents/24174600001_Nguyen_Thanh_Van_bai_tap (main)
$ git add .
g
Van@DESKTOP-RGRGAOD MINGW64 ~/Documents/24174600001_Nguyen_Thanh_Van_bai_tap (main)
$ git commit -m "Xoa file"
On branch main
Your branch is up to date with 'origin/main'.

nothing to commit, working tree clean

Van@DESKTOP-RGRGAOD MINGW64 ~/Documents/24174600001_Nguyen_Thanh_Van_bai_tap (main)
$ git push origin
Everything up-to-date

Van@DESKTOP-RGRGAOD MINGW64 ~/Documents/24174600001_Nguyen_Thanh_Van_bai_tap (main)
$ git checkout branch_1
Switched to branch 'branch_1'

Van@DESKTOP-RGRGAOD MINGW64 ~/Documents/24174600001_Nguyen_Thanh_Van_bai_tap (branch_1)
$ git pull origin main
From https://github.com/ntvann/24174600001_Nguyen_Thanh_Van_bai_tap
 * branch            main       -> FETCH_HEAD
Updating 75c753b..5ac772b
Fast-forward
 main_folder/main_txt_1.txt | 0
 main_folder/main_txt_2.txt | 0
 main_folder/main_txt_3.txt | 0
 text_branch_1.txt          | 9 ++++++++-
 text_branch_2.txt          | 1 +
 text_branch_3.txt          | 1 +
 text_branch_4.txt          | 1 +
 7 files changed, 11 insertions(+), 1 deletion(-)
 create mode 100644 main_folder/main_txt_1.txt
 create mode 100644 main_folder/main_txt_2.txt
 create mode 100644 main_folder/main_txt_3.txt
 create mode 100644 text_branch_2.txt
 create mode 100644 text_branch_3.txt
 create mode 100644 text_branch_4.txt

Van@DESKTOP-RGRGAOD MINGW64 ~/Documents/24174600001_Nguyen_Thanh_Van_bai_tap (branch_1)
$ git push origin branch_1
Total 0 (delta 0), reused 0 (delta 0), pack-reused 0 (from 0)
To https://github.com/ntvann/24174600001_Nguyen_Thanh_Van_bai_tap.git
   1ba2026..5ac772b  branch_1 -> branch_1
